// Jest Snapshot v1, https://goo.gl/fbAQLP

exports[`FormInput renders correctly 1`] = `
<View>
  <View
    accessibilityComponentType={undefined}
    accessibilityLabel={undefined}
    accessibilityTraits={undefined}
    accessible={true}
    collapsable={undefined}
    hasTVPreferredFocus={undefined}
    hitSlop={undefined}
    isTVSelectable={true}
    nativeID={undefined}
    onLayout={undefined}
    onResponderGrant={[Function]}
    onResponderMove={[Function]}
    onResponderRelease={[Function]}
    onResponderTerminate={[Function]}
    onResponderTerminationRequest={[Function]}
    onStartShouldSetResponder={[Function]}
    style={
      Object {
        "alignItems": "center",
        "backgroundColor": "transparent",
        "borderBottomWidth": 1,
        "borderColor": "#D9D5DC",
        "borderLeftWidth": 1,
        "borderRightWidth": 1,
        "borderTopWidth": 1,
        "flexDirection": "row",
        "marginLeft": 2,
        "opacity": 1,
      }
    }
    testID={undefined}
    tvParallaxProperties={undefined}
  >
    <TextInput
      allowFontScaling={true}
      autoFocus={false}
      editable={true}
      placeHolder={null}
      placeholderTextColor="#575757"
      style={
        Object {
          "color": "#000",
          "flex": 1,
          "fontSize": 17,
          "height": 50,
          "lineHeight": 24,
          "paddingLeft": 8,
          "paddingRight": 5,
          "top": 1.5,
        }
      }
      underlineColorAndroid="rgba(0,0,0,0)"
      virtual={undefined}
    />
  </View>
</View>
`;
